00000818
[
08800010
00000819
]
00000819
[
08800010
0000081a
]
0000081a
[
08800010
0000081b
]
0000081b
