00000000
[
08800014
00000818
0f000001
]
00000001
[
08800014
00000818
0f000002
]
00000002
[
08800014
00000818
0f000003
]
00000003


00000003
[
08800010
00000858
00040001
]
00000002
[
08800010
00000858
00040002
]
00000001
[
08800010
00000858
00040003
]
00000000


00000000
[
08800014
000008a0
0f000001
]
00000001
00000002
[
08800014
000008b8
0f000003
]
00000003


00000003
[
08800010
000008f0
00040001
]
00000002
00000002
[
08800010
00000910
00040003
]
00000001
