0000000a
00000009
00000008
00000007
00000006
0000000a
00000009
00000008
00000007
00000006
00000005
0000000a
00000009
00000008
00000007
00000006
00000005
00000004
0000000a
00000009
00000008
00000007
00000006
00000005
00000004
00000003
0000000a
00000009
00000008
00000007
00000006
00000005
00000004
00000003
00000002
