0000000c
00000018
00000024
00000030
0000003c
00000048
00000054
00000060
0000006c
00000078
