00000000
08800024

00000002
08800024

00000004
08800024

00000006
08800024

