82be071b
aec7a5fb
b540b2d1
b81e50a3
cad1b6e2
cfa9c63d
d4d95f2c
df52184d
e844ea66
f86011ea
f9971bc8
fad4269b
026209f4
234f2036
4226fb48
462d6904
47fefec3
58dea349
77c1c2e8
7cbbab50
