0000000c
00000018
00000024
00000030
0000003c
00000048
00000000
00000054
00000060
0000006c
00000078
00000084
00000090
0000009c
00000000
000000a8
000000b4
000000c0
000000cc
000000d8
000000e4
000000f0
00000000
000000fc
00000108
00000114
00000120
0000012c
00000138
00000000
