int
40808000
int
40808000
int
40808000
int
40808000
int
40808000
int
40808000
int
40808000

ok

