fffffff6
fffffff7
fffffff8
fffffff9
fffffffa
fffffffb
fffffffc
fffffffd
fffffffe
ffffffff
