00000003
00000001
00000000
00000005
00000001
00000002
00000007
00000002
00000001
00000009
00000003
00000000
0000000b
00000003
00000002
0000000d
00000004
00000001
0000000f
00000005
00000000
