00000002
00000086
00000086
00000003
00000043
00000086
00000004
0000002c
00000086
00000005
00000021
00000086
00000006
0000001a
00000086
00000007
00000016
00000086
00000008
00000013
00000086
00000009
00000010
00000086
0000000a
0000000e
00000086
0000000b
0000000d
00000086
0000000c
0000000c
00000086
0000000d
0000000b
00000086
