10000002
10000003
10000002
10000003
10000002
10000003
