00000155
00000055
00000155
00005555
00555555
55555555
000002aa
000000aa
000002aa
0000aaaa
00aaaaaa
aaaaaaaa
00000000
00000aaa
00001555
00000aaa
00001555
00000000
00000aaa
00001555
00000aaa
00001555
