00000007
000013b0
00000007
000013b0
0000000c
1c8cfc00
0000000c
1c8cfc00
