0000006e
00000063
00000058
0000004d
00000042
00000037
0000002c
00000021
00000016
0000000b
0000000b
