555557ff
555555ff
555003ff
000003ff
00000000
88888855
88888888
00000000
a5555555
5a555555
55a55555
55aa5555
55aaa555
55aaaa55
55aaaaa5
00000000
55555635
55555235
55635555
8d555555
