c0000014
c0000001
c000000a
c0000013
c0000000
c0000009
c0000012
c0000000
c0000008
c0000011
c0000000
