0000000c
00000024
00000018
00000024
00000024
00000024
00000030
00000024
0000003c
00000024
00000048
00000024
00000054
00000024
00000060
00000024
0000006c
00000024
