00000000
0000000c
00000000
00000018
00000000
00000024
00000000
00000030
00000000
0000003c
00000000
00000048
00000000
00000054
00000000
00000060
00000000
0000006c
00000000
0000000c
00000088
00000018
00000088
00000024
00000088
00000030
00000088
0000003c
00000088
00000048
00000088
00000054
00000088
00000060
00000088
0000006c
