0000000c
0000002c
00000018
0000002c
00000024
0000002c
00000030
0000002c
0000003c
0000002c
00000048
0000002c
00000054
0000002c
00000060
0000002c
0000006c
0000002c
