fffffff0
fffffff1
fffffff2
fffffff3
fffffff4
fffffff5
fffffff6
fffffff7
fffffff8
fffffff9
fffffffa
fffffffb
fffffffc
fffffffd
fffffffe
ffffffff
