ffffff8a
00000005
ffffff89
00000079
ffffff88
00000078
ffffff87
00000077
ffffff86
00000076
ffffff85
00000075
ffffff84
00000074
ffffff83
00000073
ffffff82
00000072
ffffff81
00000071
ffffff80
00000070
0000007f
0000006f
0000007e
0000006e
0000007d
0000006d
