000000f0
000000f1
000000f2
000000f3
000000f4
000000f5
000000f6
000000f7
000000f8
000000f9
000000fa
000000fb
000000fc
000000fd
000000fe
000000ff
