ffff8006
00000005
ffff8005
ffff8015
ffff8004
ffff8014
ffff8003
ffff8013
ffff8002
ffff8012
ffff8001
ffff8011
ffff8000
ffff8010
00007fff
ffff800f
00007ffe
ffff800e
00007ffd
ffff800d
00007ffc
ffff800c
00007ffb
ffff800b
00007ffa
ffff800a
00007ff9
ffff8009
