0000fff0
0000fff1
0000fff2
0000fff3
0000fff4
0000fff5
0000fff6
0000fff7
0000fff8
0000fff9
0000fffa
0000fffb
0000fffc
0000fffd
0000fffe
0000ffff
