00000008
s
00000007
s
00000006
s
00000005
00000100
s
s
00000003
s
00000002
s
00000001
s
00000000

ffffffff
000000ff

ffffffff
ok

55555555
ok

ok

ok
