00000002
00000004
00000006
00000008
0000000a
0000000c
0000000e
00000010
00000012
00000014
00000016
00000018
0000001a
0000001c
0000001e
00000020
00000022
00000024
00000026
00000028
