fffffff6
fffffff7
fffffff8
fffffff9
fffffffa
fffffffb
fffffffc
fffffffd
fffffffe
ffffffff
00000000
00000001
00000002
00000003
00000004
00000005
00000006
00000007
00000008
00000009
