01020304
44020304
01020304
33440304
01020304
22334404
01020304
11223344
00000000
00000000
01020304
11223344
01020304
01112233
01020304
01021122
01020304
01020311
00000000
00000000
01024050
20304050
20300304
20304050
