fffffff2
fffffff4
fffffff6
fffffff8
fffffffa
fffffffc
fffffffe
00000000
00000002
00000004
00000006
00000008
0000000a
0000000c
0000000e
00000010
