b58873f2
f43f6140
af2271b0
f5911983

aa89ab82
294741b6
c406f496
0089c07e

be10044a
f65b2e96
ff2932d6
2bed782c

9618ad98
37cf358a
fa7ae06a
edb03e79

