a
ab
abc
abcd
abcde
abcdef
abcdefg
abcdefgh
abcdefghi
abcdefghij
abcdefghijk
abcdefghijkl
abcdefghijklm
abcdefghijklmn
abcdefghijklmno
d
ee
fff
gggg
hhhhh
iiiiii
jjjjjjj
kkkkkkkk
lllllllll
mmmmmmmmmm
nnnnnnnnnnn
oooooooooooo
ppppppppppppp
qqqqqqqqqqqqqq
rrrrrrrrrrrrrrr
