00016000

00014000


0001e000
80000000
m

00012000
h

00018000
h
