00000000
00000300
00000002
00000300
00000004
00000300
00000006
00000300
