fffffc40
fffffc41
fffffc42
fffffc43
fffffc44
fffffc45
fffffc46
fffffc47
fffffc48
fffffc49
