overflow
80000000

00000001

80000000

00000001

00000000

overflow
7fffffff

7fffffff

00000000

overflow
80000000

overflow
80000000

