00000014
00000008
0000000c
00000005

00000028
00000014
00000014
00000005

0000003c
00000022
0000001a
00000008

00000050
0000002d
00000023
0000000c

00000064
00000038
0000002c
0000000d

