82be071b
90b52e85
9b1a20b4
a2bfa479
a54d43a7
aec7a5fb
b0ba08cd
b540b2d1
b81e50a3
bedada3a
ca738ab2
cad1b6e2
ccc0f894
cfa9c63d
d4d95f2c
df52184d
e844ea66
ec9379f7
f86011ea
f9971bc8
fad4269b
0023e6f5
026209f4
02691e1f
11cc8371
1263ac30
234f2036
322d4c0f
413a267c
4226fb48
45242bd6
462d6904
46bae82f
47fefec3
58dea349
608d3eea
6e24f428
77c1c2e8
7cbbab50
7daa12da
