00000001
00000002
00000003
00000005
00000007
0000000b
0000000d
00000011
00000013
00000017
0000001d
0000001f
00000025
00000029
0000002b
0000002f
00000035
0000003b
0000003d
00000043
00000047
00000049
0000004f
00000053
00000059
00000061
0000001a
