00000002
00000004
00000008
00000010
00000020
00000040
40000000
80000000
00000000
00000000
02020202
04040404
20202020
01010000
80000000
00000000
00000000
80000000
08000000
00800000
00080000
00008000
00000800
00000080
00000008
