40000000
20000000
10000000
08000000
04000000
02000000
00000002
00000001
00000000
00000000
01010101
00808080
00404040
00080808
00000101
00000000
00000000
00000000
00000001
00000010
00000100
00001000
00010000
00100000
01000000
10000000
00000000
00000000
ffffffff
fffffff0
ffffff00
fffff000
ffff0000
fff00000
ff000000
f0000000
