40c15130
5d21660e
00000001
5d21660e
40c15130
00000000
40c15130
bdfac89e
00000000
bdfac89e
40c15130
00000001
bdfac89e
a18ed853
00000000
a18ed853
bdfac89e
00000001
f5fa8a27
5d21660e
00000001
5d21660e
f5fa8a27
00000000
