b540b2d1
b81e50a3
d4d95f2c
df52184d
e844ea66
f86011ea
fad4269b
026209f4
4226fb48
462d6904
77c1c2e8
7cbbab50
