ffffab50
ffffb2d1
ffffc2e8
ffffea66
fffffb48
000009f4
000011ea
0000184d
0000269b
000050a3
00005f2c
00006904
