
00000703
000000c0
00000100
00000000
00001840
00001828
