0000000c
00000010
00000018
00000028
00000048
00000088
00000108
00000208
00000408
