00000000
08800020
00000002
08800020
00000004
08800020
00000006
08800020
