00000000
00000002
00000004
00000006
00000008
34
00000000
00000002
00000004
00000006
00000008
34
00000000
00000002
00000004
00000006
00000008
34

00000004
34
00000003
34
00000002
34
00000001
34

0000000a
00000008
00000006
00000004
34

00000005
34
00000004
34
00000003
34
00000002
34
00000001
34
