80000000
80000001

00000004

00000004

34
00000003

34
00000002

34
00000001

34
00000000

00000000

00000000
